12-27 11:39:21.221  6990  7014 I TestRunner: started: navigate_to_start_order_from_entree_menu(com.example.lunchtray.NavigationTests)
12-27 11:39:21.226  6990  7014 W Settings: Setting always_finish_activities has moved from android.provider.Settings.System to android.provider.Settings.Global, returning read-only value.
12-27 11:39:21.236  4216  4263 D SplashScreenView: Build android.window.SplashScreenView{21b7755 V.E...... ......ID 0,0-0,0}
12-27 11:39:21.236  4216  4263 D SplashScreenView: Icon: view: null drawable: null size: 0
12-27 11:39:21.236  4216  4263 D SplashScreenView: Branding: view: android.view.View{4cbe56a G.ED..... ......I. 0,0-0,0 #10204ef android:id/splashscreen_branding_view} drawable: null size w: 0 h: 0
12-27 11:39:21.246   400   400 I BpBinder: onLastStrongRef automatically unlinking death recipients:
12-27 11:39:21.255  6990  6990 D LifecycleMonitor: Lifecycle status change: androidx.test.core.app.InstrumentationActivityInvoker$BootstrapActivity@510c77 in: PRE_ON_CREATE
12-27 11:39:21.256  6990  6990 V ActivityScenario: Activity lifecycle changed event received but ignored because the intent does not match. startActivityIntent=Intent { act=android.intent.action.MAIN cat=[android.intent.category.LAUNCHER] cmp=com.example.lunchtray/androidx.fragment.app.testing.FragmentScenario$EmptyFragmentActivity (has extras) }, activity.getIntent()=Intent { act=android.intent.action.MAIN cat=[android.intent.category.LAUNCHER] flg=0x10008000 cmp=com.example.lunchtray/androidx.test.core.app.InstrumentationActivityInvoker$BootstrapActivity (has extras) }, activity=androidx.test.core.app.InstrumentationActivityInvoker$BootstrapActivity@510c77
12-27 11:39:21.258  6990  6990 V ActivityScenario: Activity lifecycle changed event received but ignored because the intent does not match. startActivityIntent=Intent { act=android.intent.action.MAIN cat=[android.intent.category.LAUNCHER] cmp=com.example.lunchtray/androidx.fragment.app.testing.FragmentScenario$EmptyFragmentActivity (has extras) }, activity.getIntent()=Intent { act=android.intent.action.MAIN cat=[android.intent.category.LAUNCHER] flg=0x10008000 cmp=com.example.lunchtray/androidx.test.core.app.InstrumentationActivityInvoker$BootstrapActivity (has extras) }, activity=androidx.test.core.app.InstrumentationActivityInvoker$BootstrapActivity@510c77
12-27 11:39:21.273  4216  4266 E OpenGLRenderer: Unable to match the desired swap behavior.
12-27 11:39:21.277  6990  6990 D LifecycleMonitor: Lifecycle status change: androidx.test.core.app.InstrumentationActivityInvoker$BootstrapActivity@510c77 in: CREATED
12-27 11:39:21.277  6990  6990 V ActivityScenario: Activity lifecycle changed event received but ignored because the intent does not match. startActivityIntent=Intent { act=android.intent.action.MAIN cat=[android.intent.category.LAUNCHER] cmp=com.example.lunchtray/androidx.fragment.app.testing.FragmentScenario$EmptyFragmentActivity (has extras) }, activity.getIntent()=Intent { act=android.intent.action.MAIN cat=[android.intent.category.LAUNCHER] flg=0x10008000 cmp=com.example.lunchtray/androidx.test.core.app.InstrumentationActivityInvoker$BootstrapActivity (has extras) }, activity=androidx.test.core.app.InstrumentationActivityInvoker$BootstrapActivity@510c77
12-27 11:39:21.278  6990  6990 V ActivityScenario: Activity lifecycle changed event received but ignored because the intent does not match. startActivityIntent=Intent { act=android.intent.action.MAIN cat=[android.intent.category.LAUNCHER] cmp=com.example.lunchtray/androidx.fragment.app.testing.FragmentScenario$EmptyFragmentActivity (has extras) }, activity.getIntent()=Intent { act=android.intent.action.MAIN cat=[android.intent.category.LAUNCHER] flg=0x10008000 cmp=com.example.lunchtray/androidx.test.core.app.InstrumentationActivityInvoker$BootstrapActivity (has extras) }, activity=androidx.test.core.app.InstrumentationActivityInvoker$BootstrapActivity@510c77
12-27 11:39:21.280  6990  6990 D LifecycleMonitor: Lifecycle status change: androidx.test.core.app.InstrumentationActivityInvoker$BootstrapActivity@510c77 in: STARTED
12-27 11:39:21.280  6990  6990 V ActivityScenario: Activity lifecycle changed event received but ignored because the intent does not match. startActivityIntent=Intent { act=android.intent.action.MAIN cat=[android.intent.category.LAUNCHER] cmp=com.example.lunchtray/androidx.fragment.app.testing.FragmentScenario$EmptyFragmentActivity (has extras) }, activity.getIntent()=Intent { act=android.intent.action.MAIN cat=[android.intent.category.LAUNCHER] flg=0x10008000 cmp=com.example.lunchtray/androidx.test.core.app.InstrumentationActivityInvoker$BootstrapActivity (has extras) }, activity=androidx.test.core.app.InstrumentationActivityInvoker$BootstrapActivity@510c77
12-27 11:39:21.280  6990  6990 V ActivityScenario: Activity lifecycle changed event received but ignored because the intent does not match. startActivityIntent=Intent { act=android.intent.action.MAIN cat=[android.intent.category.LAUNCHER] cmp=com.example.lunchtray/androidx.fragment.app.testing.FragmentScenario$EmptyFragmentActivity (has extras) }, activity.getIntent()=Intent { act=android.intent.action.MAIN cat=[android.intent.category.LAUNCHER] flg=0x10008000 cmp=com.example.lunchtray/androidx.test.core.app.InstrumentationActivityInvoker$BootstrapActivity (has extras) }, activity=androidx.test.core.app.InstrumentationActivityInvoker$BootstrapActivity@510c77
12-27 11:39:21.289  6990  6990 D LifecycleMonitor: Lifecycle status change: androidx.test.core.app.InstrumentationActivityInvoker$BootstrapActivity@510c77 in: RESUMED
12-27 11:39:21.290  6990  6990 V ActivityScenario: Activity lifecycle changed event received but ignored because the intent does not match. startActivityIntent=Intent { act=android.intent.action.MAIN cat=[android.intent.category.LAUNCHER] cmp=com.example.lunchtray/androidx.fragment.app.testing.FragmentScenario$EmptyFragmentActivity (has extras) }, activity.getIntent()=Intent { act=android.intent.action.MAIN cat=[android.intent.category.LAUNCHER] flg=0x10008000 cmp=com.example.lunchtray/androidx.test.core.app.InstrumentationActivityInvoker$BootstrapActivity (has extras) }, activity=androidx.test.core.app.InstrumentationActivityInvoker$BootstrapActivity@510c77
12-27 11:39:21.290  6990  6990 V ActivityScenario: Activity lifecycle changed event received but ignored because the intent does not match. startActivityIntent=Intent { act=android.intent.action.MAIN cat=[android.intent.category.LAUNCHER] cmp=com.example.lunchtray/androidx.fragment.app.testing.FragmentScenario$EmptyFragmentActivity (has extras) }, activity.getIntent()=Intent { act=android.intent.action.MAIN cat=[android.intent.category.LAUNCHER] flg=0x10008000 cmp=com.example.lunchtray/androidx.test.core.app.InstrumentationActivityInvoker$BootstrapActivity (has extras) }, activity=androidx.test.core.app.InstrumentationActivityInvoker$BootstrapActivity@510c77
12-27 11:39:21.294  6990  6990 D LifecycleMonitor: Lifecycle status change: androidx.test.core.app.InstrumentationActivityInvoker$BootstrapActivity@510c77 in: PAUSED
12-27 11:39:21.294  6990  6990 V ActivityScenario: Activity lifecycle changed event received but ignored because the intent does not match. startActivityIntent=Intent { act=android.intent.action.MAIN cat=[android.intent.category.LAUNCHER] cmp=com.example.lunchtray/androidx.fragment.app.testing.FragmentScenario$EmptyFragmentActivity (has extras) }, activity.getIntent()=Intent { act=android.intent.action.MAIN cat=[android.intent.category.LAUNCHER] flg=0x10008000 cmp=com.example.lunchtray/androidx.test.core.app.InstrumentationActivityInvoker$BootstrapActivity (has extras) }, activity=androidx.test.core.app.InstrumentationActivityInvoker$BootstrapActivity@510c77
12-27 11:39:21.295  6990  6990 V ActivityScenario: Activity lifecycle changed event received but ignored because the intent does not match. startActivityIntent=Intent { act=android.intent.action.MAIN cat=[android.intent.category.LAUNCHER] cmp=com.example.lunchtray/androidx.fragment.app.testing.FragmentScenario$EmptyFragmentActivity (has extras) }, activity.getIntent()=Intent { act=android.intent.action.MAIN cat=[android.intent.category.LAUNCHER] flg=0x10008000 cmp=com.example.lunchtray/androidx.test.core.app.InstrumentationActivityInvoker$BootstrapActivity (has extras) }, activity=androidx.test.core.app.InstrumentationActivityInvoker$BootstrapActivity@510c77
12-27 11:39:21.309  6990  6990 D LifecycleMonitor: Lifecycle status change: androidx.fragment.app.testing.FragmentScenario$EmptyFragmentActivity@31d695a in: PRE_ON_CREATE
12-27 11:39:21.309  6990  6990 V ActivityScenario: Activity lifecycle changed event received but ignored because the reported transition was not ON_CREATE while the last known transition was DESTROYED
12-27 11:39:21.309  6990  6990 V ActivityScenario: Activity lifecycle changed event received but ignored because the reported transition was not ON_CREATE while the last known transition was PRE_ON_CREATE
12-27 11:39:21.324  6990  6990 D LifecycleMonitor: Lifecycle status change: androidx.fragment.app.testing.FragmentScenario$EmptyFragmentActivity@31d695a in: CREATED
12-27 11:39:21.324  6990  6990 V ActivityScenario: Update currentActivityStage to CREATED, currentActivity=androidx.fragment.app.testing.FragmentScenario$EmptyFragmentActivity@31d695a
12-27 11:39:21.325  6990  6990 V ActivityScenario: Update currentActivityStage to CREATED, currentActivity=androidx.fragment.app.testing.FragmentScenario$EmptyFragmentActivity@31d695a
12-27 11:39:21.326  6990  6990 D LifecycleMonitor: Lifecycle status change: androidx.fragment.app.testing.FragmentScenario$EmptyFragmentActivity@31d695a in: STARTED
12-27 11:39:21.327  6990  6990 V ActivityScenario: Update currentActivityStage to STARTED, currentActivity=androidx.fragment.app.testing.FragmentScenario$EmptyFragmentActivity@31d695a
12-27 11:39:21.327  6990  6990 V ActivityScenario: Update currentActivityStage to STARTED, currentActivity=androidx.fragment.app.testing.FragmentScenario$EmptyFragmentActivity@31d695a
12-27 11:39:21.329  6990  6990 D LifecycleMonitor: Lifecycle status change: androidx.fragment.app.testing.FragmentScenario$EmptyFragmentActivity@31d695a in: RESUMED
12-27 11:39:21.329  6990  6990 V ActivityScenario: Update currentActivityStage to RESUMED, currentActivity=androidx.fragment.app.testing.FragmentScenario$EmptyFragmentActivity@31d695a
12-27 11:39:21.329  6990  6990 V ActivityScenario: Update currentActivityStage to RESUMED, currentActivity=androidx.fragment.app.testing.FragmentScenario$EmptyFragmentActivity@31d695a
12-27 11:39:21.358  1639  1639 I GsaVoiceInteractionSrv: Handling ACTION_STOP_HOTWORD
12-27 11:39:21.358  1639  2523 E HwDetectorWithState: a: 3
12-27 11:39:21.367  6990  7016 E OpenGLRenderer: Unable to match the desired swap behavior.
12-27 11:39:21.376   577   631 W ziparchive: Unable to open '/data/app/~~0WWdzZBHjhc8yIyW359R3A==/com.example.lunchtray-GkB7aU-gzZcHISaUUx6HoA==/base.dm': No such file or directory
12-27 11:39:21.381   577   680 I ImeTracker: com.example.lunchtray:cbdfdf57: onRequestHide at ORIGIN_SERVER_HIDE_INPUT reason HIDE_UNSPECIFIED_WINDOW
12-27 11:39:21.381   577   680 I ImeTracker: com.example.lunchtray:cbdfdf57: onCancelled at PHASE_SERVER_SHOULD_HIDE
12-27 11:39:21.382  1488  1488 I GoogleInputMethodService: GoogleInputMethodService.onFinishInput():3227
12-27 11:39:21.383  1488  1488 I GoogleInputMethodService: GoogleInputMethodService.updateDeviceLockedStatus():2087 repeatCheckTimes = 0, unlocked = true
12-27 11:39:21.383  1488  1488 I GoogleInputMethodService: GoogleInputMethodService.onStartInput():1877 onStartInput(EditorInfo{inputType=0x0(NULL) imeOptions=0x0 privateImeOptions=null actionName=UNSPECIFIED actionLabel=null actionId=0 initialSelStart=-1 initialSelEnd=-1 initialCapsMode=0x0 hintText=null label=null packageName=com.example.lunchtray fieldId=0 fieldName=null extras=null}, false)
12-27 11:39:21.383  1488  1488 I GoogleInputMethodService: GoogleInputMethodService.shouldHideHeaderOnInitialState():4008 ShouldHideHeaderOnInitialState = false
12-27 11:39:21.383   577   631 I ActivityTaskManager: Displayed com.example.lunchtray/androidx.fragment.app.testing.FragmentScenario$EmptyFragmentActivity for user 0: +145ms
12-27 11:39:21.384  1488  1488 I GoogleInputMethodService: GoogleInputMethodService.updateDeviceLockedStatus():2087 repeatCheckTimes = 2, unlocked = true
12-27 11:39:21.392  6990  6990 D AutofillManager: Fill dialog is enabled:false, hints=[password, passwordAuto, creditCardNumber, creditCardSecurityCode, creditCardExpirationDate]
12-27 11:39:21.403  4216  4266 D EGL_emulation: app_time_stats: avg=52.53ms min=1.76ms max=438.07ms count=19
12-27 11:39:21.452  6990  6990 D AutofillManager: notifyViewEnteredForFillDialog:1073741825
12-27 11:39:21.454  6990  6990 D AutofillManager: notifyViewEnteredForFillDialog:1073741826
12-27 11:39:21.454  6990  6990 D AutofillManager: notifyViewEnteredForFillDialog:1073741827
12-27 11:39:21.455  6990  6990 D AutofillManager: notifyViewEnteredForFillDialog:1073741828
12-27 11:39:21.456  6990  6990 D AutofillManager: notifyViewEnteredForFillDialog:1073741824
12-27 11:39:21.517  4216  4266 D EGL_emulation: app_time_stats: avg=15.03ms min=0.93ms max=52.74ms count=57
12-27 11:39:21.558  6990  6990 I ViewInteraction: Performing 'single click' action on view view.getId() is <2131230842/com.example.lunchtray:id/cancel_button>
12-27 11:39:21.560  1092  1092 D TaplEvents: TIS / TouchInteractionService.onInputEvent: MotionEvent { action=ACTION_DOWN, actionButton=0, id[0]=0, x[0]=373.5, y[0]=1812.5, toolType[0]=TOOL_TYPE_UNKNOWN, buttonState=BUTTON_PRIMARY, classification=NONE, metaState=0, flags=0x0, edgeFlags=0x0, pointerCount=1, historySize=0, eventTime=129328947, downTime=129328947, deviceId=-1, source=0x1002, displayId=0, eventId=-231952612 }
12-27 11:39:21.603  1092  1092 D TaplEvents: TIS / TouchInteractionService.onInputEvent: MotionEvent { action=ACTION_UP, actionButton=0, id[0]=0, x[0]=373.5, y[0]=1812.5, toolType[0]=TOOL_TYPE_FINGER, buttonState=BUTTON_PRIMARY, classification=NONE, metaState=0, flags=0x0, edgeFlags=0x0, pointerCount=1, historySize=0, eventTime=129328990, downTime=129328947, deviceId=-1, source=0x1002, displayId=0, eventId=-306931014 }
12-27 11:39:21.603  6990  6990 D LifecycleMonitor: Lifecycle status change: androidx.test.core.app.InstrumentationActivityInvoker$BootstrapActivity@510c77 in: STOPPED
12-27 11:39:21.603  6990  6990 V ActivityScenario: Activity lifecycle changed event received but ignored because the intent does not match. startActivityIntent=Intent { act=android.intent.action.MAIN cat=[android.intent.category.LAUNCHER] cmp=com.example.lunchtray/androidx.fragment.app.testing.FragmentScenario$EmptyFragmentActivity (has extras) }, activity.getIntent()=Intent { act=android.intent.action.MAIN cat=[android.intent.category.LAUNCHER] flg=0x10008000 cmp=com.example.lunchtray/androidx.test.core.app.InstrumentationActivityInvoker$BootstrapActivity (has extras) }, activity=androidx.test.core.app.InstrumentationActivityInvoker$BootstrapActivity@510c77
12-27 11:39:21.604  6990  6990 V ActivityScenario: Activity lifecycle changed event received but ignored because the intent does not match. startActivityIntent=Intent { act=android.intent.action.MAIN cat=[android.intent.category.LAUNCHER] cmp=com.example.lunchtray/androidx.fragment.app.testing.FragmentScenario$EmptyFragmentActivity (has extras) }, activity.getIntent()=Intent { act=android.intent.action.MAIN cat=[android.intent.category.LAUNCHER] flg=0x10008000 cmp=com.example.lunchtray/androidx.test.core.app.InstrumentationActivityInvoker$BootstrapActivity (has extras) }, activity=androidx.test.core.app.InstrumentationActivityInvoker$BootstrapActivity@510c77
12-27 11:39:21.609   394  7372 D audioserver: FGS Logger Transaction failed
12-27 11:39:21.609   394  7372 D audioserver: -129
12-27 11:39:21.614  1092  1092 D AutofillManager: view is not autofillable - activity denied for autofill
12-27 11:39:21.620   394   493 D AudioFlinger: mixer(0x72e9ea24b930) throttle end: throttle time(36)
12-27 11:39:21.631  1092  1183 I ImeTracker: com.google.android.apps.nexuslauncher:6c7763d8: onRequestHide at ORIGIN_CLIENT_HIDE_SOFT_INPUT reason HIDE_SOFT_INPUT
12-27 11:39:21.631  1092  1183 I ImeTracker: com.google.android.apps.nexuslauncher:6c7763d8: onFailed at PHASE_CLIENT_VIEW_SERVED
12-27 11:39:21.632  1092  2028 D OneSearchSuggestProvider: Shut down the binder channel
12-27 11:39:21.632  1092 18340 I IPCThreadState: oneway function results for code 2 on binder at 0x7940308ba180 will be dropped but finished with status UNKNOWN_TRANSACTION
12-27 11:39:21.648  4216  4262 W WindowOnBackDispatcher: sendCancelIfRunning: isInProgress=falsecallback=android.view.ViewRootImpl$$ExternalSyntheticLambda17@83c907a
12-27 11:39:21.648   577   625 W InputManager-JNI: Input channel object '70f1fef Splash Screen com.example.lunchtray (client)' was disposed without first being removed with the input manager!
12-27 11:39:21.824   394   493 D audioserver: FGS Logger Transaction failed
12-27 11:39:21.825   394   493 D audioserver: -129
12-27 11:39:21.831  6990  7014 I TestRunner: finished: navigate_to_start_order_from_entree_menu(com.example.lunchtray.NavigationTests)
